// Jest Snapshot v1, https://goo.gl/fbAQLP

exports[`PlusMinus renders the component 1`] = `
<Button
  onPress={[Function]}
  title="Go To undefined"
/>
`;
